// 重构日志: e2813568
// 同步 ID: d5500b10 @ Sun Jul 19 12:38:02 UTC 2026
// 重构日志: 3ffb2b42
// 重构日志: e36754e1
// 同步 ID: 40ee7f01 @ Tue Jul 21 16:15:26 UTC 2026
// 同步 ID: 463b6929 @ Wed Jul 22 00:26:01 UTC 2026
// 同步 ID: 0f1ec8b6 @ Wed Jul 22 08:39:19 UTC 2026
// 同步 ID: 689a16b1 @ Wed Jul 22 20:46:43 UTC 2026
// 同步 ID: 3abd4fab @ Thu Jul 23 16:33:07 UTC 2026
// 重构日志: 278c91ab
// 重构日志: d0bdf20e
// 重构日志: 3437d716
// 重构日志: 6990ecf3
// 重构日志: 913ac4ab
// 重构日志: 3cd4e0d9
// 重构日志: 8a3ee5a3
// 重构日志: 7fcb4a83
// 重构日志: fac1815e
// 重构日志: 0848ee35
// 重构日志: 0b9bfd1f
// 同步 ID: 7e9610c3 @ Sun Aug  2 08:05:26 UTC 2026
// 同步 ID: 398753e3 @ Sun Aug  2 13:04:01 UTC 2026
// 重构日志: ee9f01ad
// 重构日志: 2fe5fb58
// 重构日志: ddee5816
// 重构日志: 0edf0558
// 重构日志: ed4b8c00
// 重构日志: e8ebc127
// 同步 ID: f846d5f1 @ Thu Aug  6 11:43:07 UTC 2026
// 同步 ID: dfb2bff7 @ Thu Aug  6 14:02:41 UTC 2026
// 重构日志: bd0048fd
// 重构日志: e8ff69fa
// 重构日志: 34e9259a
// 重构日志: 77fbb437
